
> bienvu@0.0.0 probe:foundations /Users/alexlevy0/Dev/BienVu
> node scripts/probe-foundations.mjs

{
  "at": "2026-09-27T21:58:26.740Z",
  "mode": "local-workerd",
  "externalCalls": 0,
  "checks": [
    {
      "path": "/",
      "status": 200,
      "french": true,
      "securityHeaders": true
    },
    {
      "path": "/generer",
      "status": 200,
      "french": true,
      "securityHeaders": true
    },
    {
      "path": "/agence",
      "status": 200,
      "french": true,
      "securityHeaders": true
    },
    {
      "path": "/historique",
      "status": 200,
      "french": true,
      "securityHeaders": true
    },
    {
      "path": "/abonnement",
      "status": 200,
      "french": true,
      "securityHeaders": true
    },
    {
      "path": "/connexion",
      "status": 200,
      "french": true,
      "securityHeaders": true
    },
    {
      "path": "/laboratoire",
      "status": 200,
      "french": true,
      "securityHeaders": true
    },
    {
      "path": "/api/generations",
      "status": 503,
      "requestIdsGenerated": true,
      "paidWorkRefused": true
    },
    {
      "unauthenticatedHistory": 401,
      "unauthenticatedProbe": 401
    }
  ]
}
