
> bienvu@0.0.0 build:web /Users/alexlevy0/Dev/BienVu
> pnpm --filter @bienvu/web build:worker


> @bienvu/web@0.0.0 build:worker /Users/alexlevy0/Dev/BienVu/apps/web
> opennextjs-cloudflare build


┌─────────────────────────────┐
│ OpenNext — Cloudflare build │
└─────────────────────────────┘

Monorepo detected at /Users/alexlevy0/Dev/BienVu
App directory: /Users/alexlevy0/Dev/BienVu/apps/web
Next.js version : 16.3.6
@opennextjs/cloudflare version: 1.20.6
@opennextjs/aws version: 4.1.4
workerd compatibility_date: 2026-09-27

┌─────────────────────────────────┐
│ OpenNext — Building Next.js app │
└─────────────────────────────────┘


> @bienvu/web@0.0.0 build /Users/alexlevy0/Dev/BienVu/apps/web
> next build --webpack

▲ Next.js 16.3.6 (webpack)
✓ Running next.config.ts took 496ms

  Creating an optimized production build ...
✓ Compiled successfully in 34.0s
  Running TypeScript ...
  Finished TypeScript in 13.1s ...
  Collecting page data using 5 workers ...
  Generating static pages using 5 workers (0/9) ...
  Generating static pages using 5 workers (2/9) 
  Generating static pages using 5 workers (4/9) 
  Generating static pages using 5 workers (6/9) 
✓ Generating static pages using 5 workers (9/9) in 1414ms
  Finalizing page optimization ...
  Collecting build traces ...

Route (app)
┌ ○ /
├ ○ /_not-found
├ ○ /abonnement
├ ○ /agence
├ ƒ /api/generations
├ ƒ /api/probe
├ ○ /connexion
├ ○ /generer
├ ○ /historique
└ ○ /laboratoire


○  (Static)   prerendered as static content
ƒ  (Dynamic)  server-rendered on demand


┌──────────────────────────────┐
│ OpenNext — Generating bundle │
└──────────────────────────────┘

Bundling middleware function...
Bundling static assets...
Bundling cache assets...
Building server function: default...
Applying code patches: 15.909s
# copyPackageTemplateFiles
[35m⚙️ Bundling the OpenNext server...
[0m
[35mWorker saved in `.open-next/worker.js` 🚀
[0m
OpenNext build complete.
