
> bienvu@0.0.0 db:migrate /Users/alexlevy0/Dev/BienVu
> pnpm --filter @bienvu/web exec wrangler d1 migrations apply DB --local


 ⛅️ wrangler 4.142.0
────────────────────
Resource location: local 

Use --remote if you want to access the remote instance.

Migrations to be applied:
┌────────────────────────────┐
│ name                       │
├────────────────────────────┤
│ 0003_exact_media_scope.sql │
└────────────────────────────┘
? About to apply 1 migration(s)
Your database may not be available to serve requests during the migration, continue?
🤖 Using fallback value in non-interactive context: yes
🌀 Executing on local database DB (00000000-0000-0000-0000-000000000000) from .wrangler/state/v3/d1:
🌀 To execute on your remote database, add a --remote flag to your wrangler command.
🚣 3 commands executed successfully.
┌────────────────────────────┬────────┐
│ name                       │ status │
├────────────────────────────┼────────┤
│ 0003_exact_media_scope.sql │ ✅     │
└────────────────────────────┴────────┘

> bienvu@0.0.0 db:migrate /Users/alexlevy0/Dev/BienVu
> pnpm --filter @bienvu/web exec wrangler d1 migrations apply DB --local


 ⛅️ wrangler 4.142.0
────────────────────
Resource location: local 

Use --remote if you want to access the remote instance.

✅ No migrations to apply!
