
> bienvu@0.0.0 generations:pause /Users/alexlevy0/Dev/BienVu
> node scripts/pause-generations.mjs


 ⛅️ wrangler 4.142.0
────────────────────
Resource location: local 

Use --remote if you want to access the remote instance.

🌀 Executing on local database DB (00000000-0000-0000-0000-000000000000) from .wrangler/state/v3/d1:
🌀 To execute on your remote database, add a --remote flag to your wrangler command.
🚣 2 commands executed successfully.
[
  {
    "results": [],
    "success": true,
    "meta": {
      "duration": 0
    }
  },
  {
    "results": [
      {
        "enabled": 0
      }
    ],
    "success": true,
    "meta": {
      "duration": 0
    }
  }
]
