
> bienvu@0.0.0 build:web /Users/alexlevy0/Dev/BienVu
> pnpm --filter @bienvu/web build:worker


> @bienvu/web@0.0.0 build:worker /Users/alexlevy0/Dev/BienVu/apps/web
> opennextjs-cloudflare build


┌─────────────────────────────┐
│ OpenNext — Cloudflare build │
└─────────────────────────────┘

Monorepo detected at /Users/alexlevy0/Dev/BienVu
App directory: /Users/alexlevy0/Dev/BienVu/apps/web
Next.js version : 16.3.6
@opennextjs/cloudflare version: 1.20.6
@opennextjs/aws version: 4.1.4
workerd compatibility_date: 2026-09-27

┌─────────────────────────────────┐
│ OpenNext — Building Next.js app │
└─────────────────────────────────┘


> @bienvu/web@0.0.0 build /Users/alexlevy0/Dev/BienVu/apps/web
> next build --webpack

▲ Next.js 16.3.6 (webpack)
✓ Running next.config.ts took 9.5s

  Creating an optimized production build ...
✓ Compiled successfully in 79s
  Running TypeScript ...
  Finished TypeScript in 64s ...
  Collecting page data using 5 workers ...
  Generating static pages using 5 workers (0/3) ...
✓ Generating static pages using 5 workers (3/3) in 21.5s
  Finalizing page optimization ...
  Collecting build traces ...

Route (app)
┌ ○ /
├ ○ /_not-found
└ ƒ /api/probe


○  (Static)   prerendered as static content
ƒ  (Dynamic)  server-rendered on demand


┌──────────────────────────────┐
│ OpenNext — Generating bundle │
└──────────────────────────────┘

Bundling middleware function...
Bundling static assets...
Bundling cache assets...
Building server function: default...
Applying code patches: 40.101s
# copyPackageTemplateFiles
⚙️ Bundling the OpenNext server...

Worker saved in `.open-next/worker.js` 🚀

OpenNext build complete.
