
> @bienvu/pipeline@0.0.0 dry-run /Users/alexlevy0/Dev/BienVu/apps/pipeline
> wrangler deploy --dry-run --outdir ../../out/browser-worker && wrangler deploy --config wrangler.render.jsonc --dry-run --containers-rollout none --outdir ../../out/render-worker


 ⛅️ wrangler 4.142.0
────────────────────
Total Upload: 3954.22 KiB / gzip: 763.88 KiB
Your Worker has access to the following bindings:
Binding                                           Resource                  
env.MEDIA (bienvu-probes-local)                   R2 Bucket                 
env.BROWSER                                       Browser Run               
env.PROBE_MODE ("local")                          Environment Variable      
env.ALLOW_REAL_BROWSER ("false")                  Environment Variable      

--dry-run: exiting now.

 ⛅️ wrangler 4.142.0
────────────────────
Total Upload: 834.93 KiB / gzip: 136.13 KiB
Your Worker has access to the following bindings:
Binding                                                 Resource                  
env.RENDERER (Renderer)                                 Durable Object            
env.MEDIA (bienvu-render-probes-local)                  R2 Bucket                 
env.PROBE_MODE ("local")                                Environment Variable      
env.ALLOW_PAID_PROBES ("false")                         Environment Variable      

The following containers are available:
- bienvu-render-probe-local-renderer (/Users/alexlevy0/Dev/BienVu/apps/renderer/Dockerfile)

--dry-run: exiting now.
