
 ⛅️ wrangler 4.142.0
────────────────────
Resource location: remote 

Migrations to be applied:
┌─────────────────┐
│ name            │
├─────────────────┤
│ 0001_probes.sql │
└─────────────────┘
? About to apply 1 migration(s)
Your database may not be available to serve requests during the migration, continue?
🤖 Using fallback value in non-interactive context: yes
🌀 Executing on remote database bienvu-s00-staging (0219384e-d439-4421-840e-32c551afdb0d):
🌀 To execute on your local development database, remove the --remote flag from your wrangler command.
🚣 Executed 2 commands in 0.72ms
┌─────────────────┬────────┐
│ name            │ status │
├─────────────────┼────────┤
│ 0001_probes.sql │ ✅     │
└─────────────────┴────────┘
