
> @bienvu/renderer@0.0.0 render /app/apps/renderer
> tsx src/cli.ts linux-short-reprise-04 short

Detected differing memory amounts:
Memory reported by CGroup: 5852.85 MB
Memory reported by /proc/meminfo: 3033.68 MB
Memory reported by Node: 3033.68 MB
You might have inadvertently set the --memory flag of `docker run` to a value that is higher than the global Docker memory limit.
Using the lower amount of memory for calculation.
Detected differing memory amounts:
Memory reported by CGroup: 5595.23 MB
Memory reported by /proc/meminfo: 2828.66 MB
Memory reported by Node: 2828.66 MB
You might have inadvertently set the --memory flag of `docker run` to a value that is higher than the global Docker memory limit.
Using the lower amount of memory for calculation.
Detected differing memory amounts:
Memory reported by CGroup: 5800.22 MB
Memory reported by /proc/meminfo: 3003.18 MB
Memory reported by Node: 3003.18 MB
You might have inadvertently set the --memory flag of `docker run` to a value that is higher than the global Docker memory limit.
Using the lower amount of memory for calculation.
Detected differing memory amounts:
Memory reported by CGroup: 5800.63 MB
Memory reported by /proc/meminfo: 2999.28 MB
Memory reported by Node: 2999.28 MB
You might have inadvertently set the --memory flag of `docker run` to a value that is higher than the global Docker memory limit.
Using the lower amount of memory for calculation.
Detected differing memory amounts:
Memory reported by CGroup: 5585.10 MB
Memory reported by /proc/meminfo: 2804.93 MB
Memory reported by Node: 2804.93 MB
You might have inadvertently set the --memory flag of `docker run` to a value that is higher than the global Docker memory limit.
Using the lower amount of memory for calculation.
{
  "id": "linux-short-reprise-04",
  "fixture": "short",
  "environment": "local-docker-linux",
  "startedAt": "2026-09-27T19:29:20.585Z",
  "endedAt": "2026-09-27T19:37:12.097Z",
  "renderAndVerifySeconds": 471.484679758,
  "nodeProcessCpuSeconds": 73.353102,
  "cpuMeasurementNote": "Node seulement ; exclut Chromium et FFmpeg. Ne vaut pas une mesure facturable Containers.",
  "instanceType": null,
  "sizeBytes": 735772,
  "sha256": "309a8d22ce3dab637f9da3c3106e11e43bee60f6e63d2a61d7134634a012a840",
  "metadata": {
    "streams": [
      {
        "index": 0,
        "codec_name": "h264",
        "codec_long_name": "H.264 / AVC / MPEG-4 AVC / MPEG-4 part 10",
        "profile": "High",
        "codec_type": "video",
        "codec_tag_string": "avc1",
        "codec_tag": "0x31637661",
        "width": 1080,
        "height": 1920,
        "coded_width": 1080,
        "coded_height": 1920,
        "closed_captions": 0,
        "film_grain": 0,
        "has_b_frames": 2,
        "sample_aspect_ratio": "1:1",
        "display_aspect_ratio": "9:16",
        "pix_fmt": "yuvj420p",
        "level": 40,
        "color_range": "pc",
        "color_space": "bt470bg",
        "chroma_location": "center",
        "field_order": "progressive",
        "refs": 1,
        "is_avc": "true",
        "nal_length_size": "4",
        "id": "0x1",
        "r_frame_rate": "30/1",
        "avg_frame_rate": "30/1",
        "time_base": "1/90000",
        "start_pts": 0,
        "start_time": "0.000000",
        "duration_ts": 540000,
        "duration": "6.000000",
        "bit_rate": "649177",
        "bits_per_raw_sample": "8",
        "nb_frames": "180",
        "extradata_size": 51,
        "disposition": {
          "default": 1,
          "dub": 0,
          "original": 0,
          "comment": 0,
          "lyrics": 0,
          "karaoke": 0,
          "forced": 0,
          "hearing_impaired": 0,
          "visual_impaired": 0,
          "clean_effects": 0,
          "attached_pic": 0,
          "timed_thumbnails": 0,
          "captions": 0,
          "descriptions": 0,
          "metadata": 0,
          "dependent": 0,
          "still_image": 0
        },
        "tags": {
          "language": "und",
          "handler_name": "VideoHandler",
          "vendor_id": "[0][0][0][0]",
          "encoder": "Lavc61.19.100 libx264"
        },
        "side_data_list": [
          {
            "side_data_type": "ICC Profile"
          }
        ]
      },
      {
        "index": 1,
        "codec_name": "aac",
        "codec_long_name": "AAC (Advanced Audio Coding)",
        "profile": "LC",
        "codec_type": "audio",
        "codec_tag_string": "mp4a",
        "codec_tag": "0x6134706d",
        "sample_fmt": "fltp",
        "sample_rate": "48000",
        "channels": 2,
        "channel_layout": "stereo",
        "bits_per_sample": 0,
        "id": "0x2",
        "r_frame_rate": "0/0",
        "avg_frame_rate": "0/0",
        "time_base": "1/48000",
        "start_pts": 0,
        "start_time": "0.000000",
        "duration_ts": 290816,
        "duration": "6.058667",
        "bit_rate": "317374",
        "nb_frames": "284",
        "extradata_size": 2,
        "disposition": {
          "default": 1,
          "dub": 0,
          "original": 0,
          "comment": 0,
          "lyrics": 0,
          "karaoke": 0,
          "forced": 0,
          "hearing_impaired": 0,
          "visual_impaired": 0,
          "clean_effects": 0,
          "attached_pic": 0,
          "timed_thumbnails": 0,
          "captions": 0,
          "descriptions": 0,
          "metadata": 0,
          "dependent": 0,
          "still_image": 0
        },
        "tags": {
          "language": "und",
          "handler_name": "SoundHandler",
          "vendor_id": "[0][0][0][0]"
        }
      }
    ],
    "format": {
      "filename": "/app/evidence/local/renderer/linux-short-reprise-04.partial.mp4",
      "nb_streams": 2,
      "nb_programs": 0,
      "format_name": "mov,mp4,m4a,3gp,3g2,mj2",
      "format_long_name": "QuickTime / MOV",
      "start_time": "0.000000",
      "duration": "6.059000",
      "size": "735772",
      "bit_rate": "971476",
      "probe_score": 100,
      "tags": {
        "major_brand": "isom",
        "minor_version": "512",
        "compatible_brands": "isomiso2avc1mp41",
        "encoder": "Lavf61.7.100",
        "comment": "Made with Remotion 4.0.529"
      }
    }
  },
  "meanVolumeDb": -32.792306908215345,
  "audioMeasurement": "RMS dBFS du flux AAC décodé en PCM mono 16 kHz",
  "watermarked": true,
  "synthetic": true,
  "ttsCalls": 0,
  "textTokens": 0,
  "audioSeconds": 6.059,
  "estimatedProviderCostEur": 0
}
